
Allocating common symbols
Common symbol       size              file

global_rules_shadow
                    0x630             obj/kern/libdwarf_frame.o
ismp                0x4               obj/kern/mpconfig.o
lapicaddr           0x8               obj/kern/lapic.o
end_debug           0x8               obj/kern/init.o
recvBuf             0x20000           obj/kern/syscall.o
mydebug             0x58              obj/kern/kdebug.o
tranDescRing        0x400             obj/kern/syscall.o
panicstr            0x8               obj/kern/init.o
boot_cr3            0x8               obj/kern/pmap.o
tranBuf             0x20000           obj/kern/syscall.o
mpentry_kstack      0x8               obj/kern/init.o
recvDescRing        0x400             obj/kern/syscall.o
pci_mmio_base       0x8               obj/kern/e1000.o
cpus                0x3c0             obj/kern/mpconfig.o
global_std_op       0x200             obj/kern/libdwarf_lineno.o
lapic               0x8               obj/kern/lapic.o
bootcpu             0x8               obj/kern/mpconfig.o
global_rules        0x630             obj/kern/libdwarf_frame.o
boot_pml4e          0x8               obj/kern/pmap.o
ncpu                0x4               obj/kern/mpconfig.o
npages              0x8               obj/kern/pmap.o
pages               0x8               obj/kern/pmap.o
percpu_kstacks      0x80000           obj/kern/mpconfig.o

Discarded input sections

 .note.GNU-stack
                0x0000000000000000        0x0 obj/kern/init.o
 .eh_frame      0x0000000000000000       0xf0 obj/kern/init.o
 .note.GNU-stack
                0x0000000000000000        0x0 obj/kern/console.o
 .eh_frame      0x0000000000000000      0x280 obj/kern/console.o
 .note.GNU-stack
                0x0000000000000000        0x0 obj/kern/monitor.o
 .eh_frame      0x0000000000000000       0xc0 obj/kern/monitor.o
 .note.GNU-stack
                0x0000000000000000        0x0 obj/kern/pmap.o
 .eh_frame      0x0000000000000000      0x430 obj/kern/pmap.o
 .note.GNU-stack
                0x0000000000000000        0x0 obj/kern/env.o
 .eh_frame      0x0000000000000000      0x240 obj/kern/env.o
 .note.GNU-stack
                0x0000000000000000        0x0 obj/kern/kclock.o
 .eh_frame      0x0000000000000000       0x60 obj/kern/kclock.o
 .note.GNU-stack
                0x0000000000000000        0x0 obj/kern/picirq.o
 .eh_frame      0x0000000000000000       0x80 obj/kern/picirq.o
 .note.GNU-stack
                0x0000000000000000        0x0 obj/kern/printf.o
 .eh_frame      0x0000000000000000       0x78 obj/kern/printf.o
 .note.GNU-stack
                0x0000000000000000        0x0 obj/kern/trap.o
 .eh_frame      0x0000000000000000      0x170 obj/kern/trap.o
 .note.GNU-stack
                0x0000000000000000        0x0 obj/kern/sched.o
 .eh_frame      0x0000000000000000       0xa0 obj/kern/sched.o
 .note.GNU-stack
                0x0000000000000000        0x0 obj/kern/syscall.o
 .eh_frame      0x0000000000000000      0x260 obj/kern/syscall.o
 .note.GNU-stack
                0x0000000000000000        0x0 obj/kern/kdebug.o
 .eh_frame      0x0000000000000000       0x58 obj/kern/kdebug.o
 .note.GNU-stack
                0x0000000000000000        0x0 obj/kern/printfmt.o
 .eh_frame      0x0000000000000000      0x128 obj/kern/printfmt.o
 .note.GNU-stack
                0x0000000000000000        0x0 obj/kern/readline.o
 .eh_frame      0x0000000000000000       0x38 obj/kern/readline.o
 .note.GNU-stack
                0x0000000000000000        0x0 obj/kern/string.o
 .eh_frame      0x0000000000000000      0x238 obj/kern/string.o
 .note.GNU-stack
                0x0000000000000000        0x0 obj/kern/libdwarf_rw.o
 .eh_frame      0x0000000000000000      0x330 obj/kern/libdwarf_rw.o
 .note.GNU-stack
                0x0000000000000000        0x0 obj/kern/libdwarf_frame.o
 .eh_frame      0x0000000000000000      0x200 obj/kern/libdwarf_frame.o
 .note.GNU-stack
                0x0000000000000000        0x0 obj/kern/libdwarf_lineno.o
 .eh_frame      0x0000000000000000       0xa8 obj/kern/libdwarf_lineno.o
 .note.GNU-stack
                0x0000000000000000        0x0 obj/kern/elf_rw.o
 .eh_frame      0x0000000000000000       0xe8 obj/kern/elf_rw.o
 .note.GNU-stack
                0x0000000000000000        0x0 obj/kern/mpconfig.o
 .eh_frame      0x0000000000000000       0xc0 obj/kern/mpconfig.o
 .note.GNU-stack
                0x0000000000000000        0x0 obj/kern/lapic.o
 .eh_frame      0x0000000000000000       0xf8 obj/kern/lapic.o
 .note.GNU-stack
                0x0000000000000000        0x0 obj/kern/spinlock.o
 .eh_frame      0x0000000000000000       0xf8 obj/kern/spinlock.o
 .note.GNU-stack
                0x0000000000000000        0x0 obj/kern/e1000.o
 .eh_frame      0x0000000000000000       0x98 obj/kern/e1000.o
 .note.GNU-stack
                0x0000000000000000        0x0 obj/kern/pci.o
 .eh_frame      0x0000000000000000      0x160 obj/kern/pci.o
 .note.GNU-stack
                0x0000000000000000        0x0 obj/kern/time.o
 .eh_frame      0x0000000000000000       0x78 obj/kern/time.o

Memory Configuration

Name             Origin             Length             Attributes
*default*        0x0000000000000000 0xffffffffffffffff

Linker script and memory map

                0x0000000000100000                . = 0x100000

.bootstrap      0x0000000000100000     0x7004
 obj/kern/bootstrap.o(.text .data .bss)
 .text          0x0000000000100000      0x115 obj/kern/bootstrap.o
                0x0000000000100000                _head64
                0x00000000001000e5                jumpto_longmode
 *fill*         0x0000000000100115      0xeeb 00
 .data          0x0000000000101000     0x6004 obj/kern/bootstrap.o
                0x0000000000102000                pml4phys
                0x0000000000107000                multiboot_info
 .bss           0x0000000000107004        0x0 obj/kern/bootstrap.o
                0x0000008004200000                . = 0x8004200000

.text           0x0000008004200000    0x16f9b load address 0x0000000000200000
 *(EXCLUDE_FILE(obj/kern/bootstrap.o) .text .stub .text.* .gnu.linkonce.t.*)
 .text          0x0000008004200000       0x58 obj/kern/entry.o
                0x000000800420000c                entry
                0x000000000020000c                _start
 .text          0x0000008004200058      0x6c0 obj/kern/init.o
                0x00000080042000a5                i386_init
                0x000000800420042c                mp_main
                0x00000080042004f2                _panic
                0x000000800420062b                _warn
 .text          0x0000008004200718      0xbe4 obj/kern/console.o
                0x00000080042007d8                serial_intr
                0x0000008004201081                kbd_intr
                0x000000800420115d                cons_getc
                0x0000008004201251                cons_init
                0x00000080042012aa                cputchar
                0x00000080042012c8                getchar
                0x00000080042012ea                iscons
 .text          0x00000080042012fc      0x66e obj/kern/monitor.o
                0x00000080042012fc                mon_help
                0x0000008004201393                mon_kerninfo
                0x0000008004201524                mon_backtrace
                0x00000080042018c9                monitor
 *fill*         0x000000800420196a        0x2 00
 .text          0x000000800420196c     0x5b09 obj/kern/pmap.o
                0x0000008004201ab3                restrictive_type
                0x0000008004202486                x64_vm_init
                0x0000008004202aa3                page_init
                0x0000008004202c99                page_alloc
                0x0000008004202d85                page_free
                0x0000008004202e0e                page_decref
                0x0000008004202e4f                pml4e_walk
                0x0000008004203069                pdpe_walk
                0x00000080042032c5                pgdir_walk
                0x000000800420354b                page_insert
                0x0000008004203686                page_lookup
                0x0000008004203703                page_remove
                0x0000008004203779                tlb_invalidate
                0x0000008004203842                mmio_map_region
                0x0000008004203954                user_mem_check
                0x0000008004203b08                user_mem_assert
 *fill*         0x0000008004207475        0x3 00
 .text          0x0000008004207478     0x11ea obj/kern/env.o
                0x00000080042075dd                envid2env
                0x000000800420773f                env_init
                0x0000008004207851                env_init_percpu
                0x0000008004207996                env_alloc
                0x0000008004207c6e                load_icode
                0x0000008004207e07                env_create
                0x0000008004207ea9                env_free
                0x00000080042082f4                env_destroy
                0x00000080042083da                env_pop_tf
                0x00000080042084b3                env_run
 *fill*         0x0000008004208662        0x2 00
 .text          0x0000008004208664       0x88 obj/kern/kclock.o
                0x0000008004208664                mc146818_read
                0x00000080042086ac                mc146818_write
 .text          0x00000080042086ec      0x27d obj/kern/picirq.o
                0x00000080042086ec                pic_init
                0x000000800420883e                irq_setmask_8259A
                0x0000008004208939                irq_eoi
 *fill*         0x0000008004208969        0x3 00
 .text          0x000000800420896c      0x15e obj/kern/printf.o
                0x0000008004208993                vcprintf
                0x00000080042089f2                cprintf
 *fill*         0x0000008004208aca        0x2 00
 .text          0x0000008004208acc     0x3063 obj/kern/trap.o
                0x0000008004208b78                trap_init
                0x000000800420a69c                trap_init_percpu
                0x000000800420acf8                print_trapframe
                0x000000800420b00e                print_regs
                0x000000800420b463                trap
                0x000000800420b7a6                page_fault_handler
 *fill*         0x000000800420bb2f        0x1 00
 .text          0x000000800420bb30      0x15a obj/kern/trapentry.o
                0x000000800420bb30                TRAPH_divide
                0x000000800420bb3a                TRAPH_debug
                0x000000800420bb40                TRAPH_nmi
                0x000000800420bb46                TRAPH_breakpoint
                0x000000800420bb4c                TRAPH_overflow
                0x000000800420bb52                TRAPH_boundcheck
                0x000000800420bb58                TRAPH_illegalop
                0x000000800420bb5e                TRAPH_devicena
                0x000000800420bb64                TRAPH_doublefault
                0x000000800420bb68                TRAPH_invalidtss
                0x000000800420bb6c                TRAPH_segmentnotpresent
                0x000000800420bb70                TRAPH_stackexception
                0x000000800420bb74                TRAPH_generalprotectionfault
                0x000000800420bb78                TRAPH_pagefault
                0x000000800420bb7c                TRAPH_syscall
                0x000000800420bb82                TRAPH_floatingpointerror
                0x000000800420bb88                TRAPH_alignmentcheck
                0x000000800420bb8e                TRAPH_machinecheck
                0x000000800420bb94                TRAPH_simderror
                0x000000800420bb9a                TRAPH_timer
                0x000000800420bba0                TRAPH_keyboard
                0x000000800420bba6                TRAPH_serial
                0x000000800420bbac                TRAPH_spurious
                0x000000800420bbb2                TRAPH_ide
                0x000000800420bbb8                TRAPH_err
 *fill*         0x000000800420bc8a        0x2 00
 .text          0x000000800420bc8c      0x438 obj/kern/sched.o
                0x000000800420bcdb                sched_yield
                0x000000800420beb2                sched_halt
 .text          0x000000800420c0c4      0xd5a obj/kern/syscall.o
                0x000000800420cbea                syscall
 *fill*         0x000000800420ce1e        0x2 00
 .text          0x000000800420ce20      0x95b obj/kern/kdebug.o
                0x000000800420ce20                list_func_die
                0x000000800420d38f                debuginfo_rip
 *fill*         0x000000800420d77b        0x1 00
 .text          0x000000800420d77c      0xa77 obj/kern/printfmt.o
                0x000000800420da54                vprintfmt
                0x000000800420df78                printfmt
                0x000000800420e078                vsnprintf
                0x000000800420e112                snprintf
 *fill*         0x000000800420e1f3        0x1 00
 .text          0x000000800420e1f4      0x15a obj/kern/readline.o
                0x000000800420e1f4                readline
 *fill*         0x000000800420e34e        0x2 00
 .text          0x000000800420e350      0x7bf obj/kern/string.o
                0x000000800420e350                strlen
                0x000000800420e37e                strnlen
                0x000000800420e3bc                strcpy
                0x000000800420e402                strcat
                0x000000800420e44d                strncpy
                0x000000800420e4aa                strlcpy
                0x000000800420e517                strcmp
                0x000000800420e56c                strncmp
                0x000000800420e5df                strchr
                0x000000800420e61b                strfind
                0x000000800420e653                memset
                0x000000800420e6de                memmove
                0x000000800420e7f5                memcpy
                0x000000800420e829                memcmp
                0x000000800420e89f                memfind
                0x000000800420e8e9                strtol
                0x000000800420ea7a                strstr
 *fill*         0x000000800420eb0f        0x1 00
 .text          0x000000800420eb10     0x1f8c obj/kern/libdwarf_rw.o
                0x000000800420eb10                _dwarf_read_lsb
                0x000000800420ec39                _dwarf_decode_lsb
                0x000000800420ed5a                _dwarf_read_msb
                0x000000800420ef09                _dwarf_decode_msb
                0x000000800420f0b8                _dwarf_read_sleb128
                0x000000800420f160                _dwarf_read_uleb128
                0x000000800420f1e1                _dwarf_decode_sleb128
                0x000000800420f27a                _dwarf_decode_uleb128
                0x000000800420f2ec                _dwarf_read_string
                0x000000800420f378                _dwarf_read_block
                0x000000800420f3be                _dwarf_elf_get_byte_order
                0x000000800420f42c                _dwarf_elf_get_pointer_size
                0x000000800420f496                _dwarf_init
                0x000000800420f572                _get_next_cu
                0x000000800420f715                print_cu
                0x000000800420f74c                _dwarf_abbrev_parse
                0x000000800420f9d3                _dwarf_abbrev_find
                0x000000800420fb05                _dwarf_attr_init
                0x00000080042101ca                dwarf_search_die_within_cu
                0x00000080042104c1                dwarf_offdie
                0x00000080042105c4                _dwarf_attr_find
                0x0000008004210657                dwarf_siblingof
                0x000000800421089b                dwarf_child
                0x0000008004210a3f                _dwarf_find_section_enhanced
 .text          0x0000008004210a9c     0x2612 obj/kern/libdwarf_frame.o
                0x0000008004210a9c                _dwarf_frame_params_init
                0x0000008004210adc                dwarf_get_fde_at_pc
                0x0000008004210c1c                _dwarf_frame_regtable_copy
                0x0000008004211c08                _dwarf_frame_get_internal_table
                0x0000008004211ec0                dwarf_get_fde_info_for_all_regs
                0x0000008004212ce3                _dwarf_frame_interal_table_init
                0x0000008004212fa2                dwarf_set_frame_cfa_value
                0x0000008004212fd2                _dwarf_frame_section_load_eh
                0x0000008004213010                dwarf_init_eh_section
 *fill*         0x00000080042130ae        0x2 00
 .text          0x00000080042130b0      0xd2e obj/kern/libdwarf_lineno.o
                0x00000080042136c1                _dwarf_lineno_init
                0x0000008004213c63                dwarf_srclines
 *fill*         0x0000008004213dde        0x2 00
 .text          0x0000008004213de0      0xd08 obj/kern/elf_rw.o
                0x0000008004213de0                _dwarf_find_section
                0x0000008004213e60                find_debug_sections
                0x0000008004214117                read_section_headers
                0x000000800421484b                readseg
                0x00000080042149a9                waitdisk
                0x00000080042149e0                readsect
 .text          0x0000008004214ae8       0xe7 obj/kern/mpentry.o
                0x0000008004214ae8                mpentry_start
                0x0000008004214bce                mpentry_end
 *fill*         0x0000008004214bcf        0x1 00
 .text          0x0000008004214bd0      0x7c6 obj/kern/mpconfig.o
                0x000000800421508f                mp_init
 *fill*         0x0000008004215396        0x2 00
 .text          0x0000008004215398      0x474 obj/kern/lapic.o
                0x00000080042153da                lapic_init
                0x00000080042155d5                cpunum
                0x000000800421560a                lapic_eoi
                0x0000008004215645                lapic_startap
                0x00000080042157c5                lapic_ipi
 .text          0x000000800421580c      0x465 obj/kern/spinlock.o
                0x000000800421592d                __spin_initlock
                0x0000008004215961                spin_lock
                0x0000008004215a39                spin_unlock
 *fill*         0x0000008004215c71        0x3 00
 .text          0x0000008004215c74      0x792 obj/kern/e1000.o
                0x0000008004215ef3                transmit_packet_e1000
                0x0000008004215fd6                receive_packet_e1000
                0x00000080042160b8                attach_e1000
 *fill*         0x0000008004216406        0x2 00
 .text          0x0000008004216408      0xaee obj/kern/pci.o
                0x0000008004216c36                pci_func_enable
                0x0000008004216eba                pci_init
 *fill*         0x0000008004216ef6        0x2 00
 .text          0x0000008004216ef8       0xa3 obj/kern/time.o
                0x0000008004216ef8                time_init
                0x0000008004216f0e                time_tick
                0x0000008004216f80                time_msec
                0x0000008004216f9b                PROVIDE (etext, .)

.iplt           0x0000008004216fa0        0x0 load address 0x0000000000216fa0
 .iplt          0x0000000000000000        0x0 obj/kern/bootstrap.o

.rodata         0x0000008004216fa0     0x2c9e load address 0x0000000000216fa0
 *(EXCLUDE_FILE(obj/kern/bootstrap.o) .rodata .rodata.* .gnu.linkonce.r.*)
 .rodata        0x0000008004216fa0       0xce obj/kern/init.o
 .rodata        0x000000800421706e       0x29 obj/kern/console.o
 *fill*         0x0000008004217097        0x1 00
 .rodata        0x0000008004217098      0x291 obj/kern/monitor.o
 *fill*         0x0000008004217329        0x7 00
 .rodata        0x0000008004217330      0xe8c obj/kern/pmap.o
 *fill*         0x00000080042181bc        0x4 00
 .rodata        0x00000080042181c0       0xde obj/kern/env.o
 .rodata        0x000000800421829e       0x1a obj/kern/picirq.o
 *fill*         0x00000080042182b8        0x8 00
 .rodata        0x00000080042182c0      0x4c0 obj/kern/trap.o
 .rodata        0x0000008004218780       0x61 obj/kern/sched.o
 *fill*         0x00000080042187e1        0x7 00
 .rodata        0x00000080042187e8       0x90 obj/kern/syscall.o
 *fill*         0x0000008004218878        0x8 00
 .rodata        0x0000008004218880      0x390 obj/kern/kdebug.o
 *fill*         0x0000008004218c10       0x10 00
 .rodata        0x0000008004218c20      0x4a0 obj/kern/printfmt.o
 .rodata        0x00000080042190c0       0x13 obj/kern/readline.o
 *fill*         0x00000080042190d3        0x5 00
 .rodata        0x00000080042190d8      0x1ab obj/kern/libdwarf_rw.o
 *fill*         0x0000008004219283        0x5 00
 .rodata        0x0000008004219288      0x200 obj/kern/libdwarf_frame.o
 .rodata        0x0000008004219488       0xc3 obj/kern/libdwarf_lineno.o
 .rodata        0x000000800421954b       0xa4 obj/kern/elf_rw.o
 *fill*         0x00000080042195ef        0x1 00
 .rodata        0x00000080042195f0      0x1f9 obj/kern/mpconfig.o
 *fill*         0x00000080042197e9        0x7 00
 .rodata        0x00000080042197f0       0x30 obj/kern/lapic.o
 .rodata        0x0000008004219820       0xf1 obj/kern/spinlock.o
 *fill*         0x0000008004219911        0x7 00
 .rodata        0x0000008004219918       0x72 obj/kern/e1000.o
 *fill*         0x000000800421998a        0x6 00
 .rodata        0x0000008004219990      0x287 obj/kern/pci.o
 .rodata        0x0000008004219c17       0x27 obj/kern/time.o

.rela.dyn       0x0000008004219c40        0x0 load address 0x0000000000219c40
 .rela.iplt     0x0000000000000000        0x0 obj/kern/bootstrap.o
 .rela.text     0x0000000000000000        0x0 obj/kern/bootstrap.o
 .rela.data     0x0000000000000000        0x0 obj/kern/bootstrap.o
                0x000000800421a000                . = ALIGN (0x1000)

.data           0x000000800421a000   0x420607 load address 0x000000000021a000
 *(EXCLUDE_FILE(obj/kern/bootstrap.o) .data)
 .data          0x000000800421a000    0x10042 obj/kern/entry.o
                0x000000800421a000                bootstack
                0x000000800422a000                kernel_64
                0x000000800422a000                bootstacktop
                0x000000800422a038                gdtdesc_64
 *fill*         0x000000800422a042        0x2 00
 .data          0x000000800422a044        0x0 obj/kern/init.o
 *fill*         0x000000800422a044       0x1c 00
 .data          0x000000800422a060      0x520 obj/kern/console.o
 .data          0x000000800422a580       0x48 obj/kern/monitor.o
 .data          0x000000800422a5c8        0x8 obj/kern/pmap.o
 *fill*         0x000000800422a5d0       0x10 00
 .data          0x000000800422a5e0       0xb2 obj/kern/env.o
                0x000000800422a5e0                gdt
                0x000000800422a688                gdt_pd
 *fill*         0x000000800422a692        0x2 00
 .data          0x000000800422a694        0x0 obj/kern/kclock.o
 .data          0x000000800422a694        0x2 obj/kern/picirq.o
                0x000000800422a694                irq_mask_8259A
 *fill*         0x000000800422a696        0x2 00
 .data          0x000000800422a698        0x0 obj/kern/printf.o
 .data          0x000000800422a698        0x0 obj/kern/trap.o
 .data          0x000000800422a698        0x0 obj/kern/trapentry.o
 .data          0x000000800422a698        0x0 obj/kern/sched.o
 .data          0x000000800422a698        0x0 obj/kern/syscall.o
 .data          0x000000800422a698        0x8 obj/kern/kdebug.o
                0x000000800422a698                dbg
 .data          0x000000800422a6a0        0x0 obj/kern/printfmt.o
 .data          0x000000800422a6a0        0x0 obj/kern/readline.o
 .data          0x000000800422a6a0        0x0 obj/kern/string.o
 .data          0x000000800422a6a0        0x0 obj/kern/libdwarf_rw.o
 .data          0x000000800422a6a0       0x24 obj/kern/libdwarf_frame.o
                0x000000800422a6a0                debug_frame_sec
                0x000000800422a6c0                is_eh_frame
 .data          0x000000800422a6c4        0x0 obj/kern/libdwarf_lineno.o
 *fill*         0x000000800422a6c4       0x1c 00
 .data          0x000000800422a6e0       0xa0 obj/kern/elf_rw.o
                0x000000800422a6e0                section_info
 .data          0x000000800422a780        0x0 obj/kern/mpentry.o
 .data          0x000000800422a780        0x0 obj/kern/mpconfig.o
 .data          0x000000800422a780        0x0 obj/kern/lapic.o
 .data          0x000000800422a780       0x68 obj/kern/spinlock.o
                0x000000800422a780                kernel_lock
 .data          0x000000800422a7e8        0x8 obj/kern/e1000.o
                0x000000800422a7e8                e1000_mac_address
 *fill*         0x000000800422a7f0       0x10 00
 .data          0x000000800422a800       0x98 obj/kern/pci.o
                0x000000800422a820                pci_attach_class
                0x000000800422a840                pci_attach_vendor
 .data          0x000000800422a898        0x0 obj/kern/time.o
 .data          0x000000800422a898    0x15463 obj/user/hello
                0x000000800422a898                _binary_obj_user_hello_start
                0x000000800423fcfb                _binary_obj_user_hello_end
 .data          0x000000800423fcfb    0x1502a obj/user/idle
                0x000000800423fcfb                _binary_obj_user_idle_start
                0x0000008004254d25                _binary_obj_user_idle_end
 .data          0x0000008004254d25    0x154a3 obj/user/yield
                0x0000008004254d25                _binary_obj_user_yield_start
                0x000000800426a1c8                _binary_obj_user_yield_end
 .data          0x000000800426a1c8    0x15913 obj/user/dumbfork
                0x000000800426a1c8                _binary_obj_user_dumbfork_start
                0x000000800427fadb                _binary_obj_user_dumbfork_end
 .data          0x000000800427fadb    0x16b22 obj/user/stresssched
                0x000000800427fadb                _binary_obj_user_stresssched_start
                0x00000080042965fd                _binary_obj_user_stresssched_end
 .data          0x00000080042965fd    0x15925 obj/user/faultdie
                0x00000080042965fd                _binary_obj_user_faultdie_start
                0x00000080042abf22                _binary_obj_user_faultdie_end
 .data          0x00000080042abf22    0x15c3d obj/user/faultregs
                0x00000080042abf22                _binary_obj_user_faultregs_start
                0x00000080042c1b5f                _binary_obj_user_faultregs_end
 .data          0x00000080042c1b5f    0x15957 obj/user/faultalloc
                0x00000080042c1b5f                _binary_obj_user_faultalloc_start
                0x00000080042d74b6                _binary_obj_user_faultalloc_end
 .data          0x00000080042d74b6    0x15962 obj/user/faultallocbad
                0x00000080042d74b6                _binary_obj_user_faultallocbad_start
                0x00000080042ece18                _binary_obj_user_faultallocbad_end
 .data          0x00000080042ece18    0x156b1 obj/user/faultnostack
                0x00000080042ece18                _binary_obj_user_faultnostack_start
                0x00000080043024c9                _binary_obj_user_faultnostack_end
 .data          0x00000080043024c9    0x1502d obj/user/faultbadhandler
                0x00000080043024c9                _binary_obj_user_faultbadhandler_start
                0x00000080043174f6                _binary_obj_user_faultbadhandler_end
 .data          0x00000080043174f6    0x15036 obj/user/faultevilhandler
                0x00000080043174f6                _binary_obj_user_faultevilhandler_start
                0x000000800432c52c                _binary_obj_user_faultevilhandler_end
 .data          0x000000800432c52c    0x16772 obj/user/forktree
                0x000000800432c52c                _binary_obj_user_forktree_start
                0x0000008004342c9e                _binary_obj_user_forktree_end
 .data          0x0000008004342c9e    0x16a99 obj/user/sendpage
                0x0000008004342c9e                _binary_obj_user_sendpage_start
                0x0000008004359737                _binary_obj_user_sendpage_end
 .data          0x0000008004359737    0x165ab obj/user/spin
                0x0000008004359737                _binary_obj_user_spin_start
                0x000000800436fce2                _binary_obj_user_spin_end
 .data          0x000000800436fce2    0x154d6 obj/user/fairness
                0x000000800436fce2                _binary_obj_user_fairness_start
                0x00000080043851b8                _binary_obj_user_fairness_end
 .data          0x00000080043851b8    0x165e7 obj/user/pingpong
                0x00000080043851b8                _binary_obj_user_pingpong_start
                0x000000800439b79f                _binary_obj_user_pingpong_end
 .data          0x000000800439b79f    0x16a54 obj/user/pingpongs
                0x000000800439b79f                _binary_obj_user_pingpongs_start
                0x00000080043b21f3                _binary_obj_user_pingpongs_end
 .data          0x00000080043b21f3    0x16aff obj/user/primes
                0x00000080043b21f3                _binary_obj_user_primes_start
                0x00000080043c8cf2                _binary_obj_user_primes_end
 .data          0x00000080043c8cf2    0x15937 obj/user/testfilero
                0x00000080043c8cf2                _binary_obj_user_testfilero_start
                0x00000080043de629                _binary_obj_user_testfilero_end
 .data          0x00000080043de629    0x16918 obj/user/testfile
                0x00000080043de629                _binary_obj_user_testfile_start
                0x00000080043f4f41                _binary_obj_user_testfile_end
 .data          0x00000080043f4f41    0x15821 obj/user/testjournal
                0x00000080043f4f41                _binary_obj_user_testjournal_start
                0x000000800440a762                _binary_obj_user_testjournal_end
 .data          0x000000800440a762    0x155e2 obj/user/testjournal1
                0x000000800440a762                _binary_obj_user_testjournal1_start
                0x000000800441fd44                _binary_obj_user_testjournal1_end
 .data          0x000000800441fd44    0x16924 obj/user/testeviction
                0x000000800441fd44                _binary_obj_user_testeviction_start
                0x0000008004436668                _binary_obj_user_testeviction_end
 .data          0x0000008004436668    0x16a26 obj/user/spawnhello
                0x0000008004436668                _binary_obj_user_spawnhello_start
                0x000000800444d08e                _binary_obj_user_spawnhello_end
 .data          0x000000800444d08e    0x17659 obj/user/icode
                0x000000800444d08e                _binary_obj_user_icode_start
                0x00000080044646e7                _binary_obj_user_icode_end
 .data          0x00000080044646e7    0x28c8c obj/fs/fs
                0x00000080044646e7                _binary_obj_fs_fs_start
                0x000000800448d373                _binary_obj_fs_fs_end
 .data          0x000000800448d373    0x1523c obj/user/testtime
                0x000000800448d373                _binary_obj_user_testtime_start
                0x00000080044a25af                _binary_obj_user_testtime_end
 .data          0x00000080044a25af    0x18734 obj/user/httpd
                0x00000080044a25af                _binary_obj_user_httpd_start
                0x00000080044bace3                _binary_obj_user_httpd_end
 .data          0x00000080044bace3    0x15f1d obj/user/echosrv
                0x00000080044bace3                _binary_obj_user_echosrv_start
                0x00000080044d0c00                _binary_obj_user_echosrv_end
 .data          0x00000080044d0c00    0x15e5c obj/user/echotest
                0x00000080044d0c00                _binary_obj_user_echotest_start
                0x00000080044e6a5c                _binary_obj_user_echotest_end
 .data          0x00000080044e6a5c    0x18aee obj/net/testoutput
                0x00000080044e6a5c                _binary_obj_net_testoutput_start
                0x00000080044ff54a                _binary_obj_net_testoutput_end
 .data          0x00000080044ff54a    0x19af8 obj/net/testinput
                0x00000080044ff54a                _binary_obj_net_testinput_start
                0x0000008004519042                _binary_obj_net_testinput_end
 .data          0x0000008004519042    0x64090 obj/net/ns
                0x0000008004519042                _binary_obj_net_ns_start
                0x000000800457d0d2                _binary_obj_net_ns_end
 .data          0x000000800457d0d2    0x1943b obj/user/testpteshare
                0x000000800457d0d2                _binary_obj_user_testpteshare_start
                0x000000800459650d                _binary_obj_user_testpteshare_end
 .data          0x000000800459650d    0x17e81 obj/user/testfdsharing
                0x000000800459650d                _binary_obj_user_testfdsharing_start
                0x00000080045ae38e                _binary_obj_user_testfdsharing_end
 .data          0x00000080045ae38e    0x18277 obj/user/testpipe
                0x00000080045ae38e                _binary_obj_user_testpipe_start
                0x00000080045c6605                _binary_obj_user_testpipe_end
 .data          0x00000080045c6605    0x16bf3 obj/user/testpiperace
                0x00000080045c6605                _binary_obj_user_testpiperace_start
                0x00000080045dd1f8                _binary_obj_user_testpiperace_end
 .data          0x00000080045dd1f8    0x16bc4 obj/user/testpiperace2
                0x00000080045dd1f8                _binary_obj_user_testpiperace2_start
                0x00000080045f3dbc                _binary_obj_user_testpiperace2_end
 .data          0x00000080045f3dbc    0x1677b obj/user/primespipe
                0x00000080045f3dbc                _binary_obj_user_primespipe_start
                0x000000800460a537                _binary_obj_user_primespipe_end
 .data          0x000000800460a537    0x15c28 obj/user/testkbd
                0x000000800460a537                _binary_obj_user_testkbd_start
                0x000000800462015f                _binary_obj_user_testkbd_end
 .data          0x000000800462015f    0x1a4a8 obj/user/testshell
                0x000000800462015f                _binary_obj_user_testshell_start
                0x000000800463a607                _binary_obj_user_testshell_end
                0x000000800463a607                PROVIDE (edata, .)

.igot.plt       0x000000800463a608        0x0 load address 0x000000000063a608
 .igot.plt      0x0000000000000000        0x0 obj/kern/bootstrap.o

.bss            0x000000800463b000    0xc4018 load address 0x000000000063b000
 *(EXCLUDE_FILE(obj/kern/bootstrap.o) .bss)
 .bss           0x000000800463b000        0x0 obj/kern/entry.o
 .bss           0x000000800463b000        0x0 obj/kern/init.o
 .bss           0x000000800463b000      0x22c obj/kern/console.o
 .bss           0x000000800463b22c        0x0 obj/kern/monitor.o
 *fill*         0x000000800463b22c        0x4 00
 .bss           0x000000800463b230       0x20 obj/kern/pmap.o
 .bss           0x000000800463b250       0x10 obj/kern/env.o
                0x000000800463b250                envs
 .bss           0x000000800463b260        0x0 obj/kern/kclock.o
 .bss           0x000000800463b260        0x1 obj/kern/picirq.o
 *fill*         0x000000800463b261        0x3 00
 .bss           0x000000800463b264        0x0 obj/kern/printf.o
 *fill*         0x000000800463b264       0x1c 00
 .bss           0x000000800463b280     0x1090 obj/kern/trap.o
                0x000000800463b280                idt
                0x000000800463c280                idt_pd
 .bss           0x000000800463c310        0x0 obj/kern/trapentry.o
 .bss           0x000000800463c310        0x0 obj/kern/sched.o
 .bss           0x000000800463c310        0x0 obj/kern/syscall.o
 .bss           0x000000800463c310        0x8 obj/kern/kdebug.o
 .bss           0x000000800463c318        0x0 obj/kern/printfmt.o
 *fill*         0x000000800463c318        0x8 00
 .bss           0x000000800463c320      0x400 obj/kern/readline.o
 .bss           0x000000800463c720        0x0 obj/kern/string.o
 .bss           0x000000800463c720        0x0 obj/kern/libdwarf_rw.o
 .bss           0x000000800463c720       0x68 obj/kern/libdwarf_frame.o
                0x000000800463c720                global_rt_table
                0x000000800463c760                global_rt_table_shadow
 .bss           0x000000800463c788        0x0 obj/kern/libdwarf_lineno.o
 .bss           0x000000800463c788        0x0 obj/kern/elf_rw.o
 .bss           0x000000800463c788        0x0 obj/kern/mpentry.o
 .bss           0x000000800463c788        0x0 obj/kern/mpconfig.o
 .bss           0x000000800463c788        0x0 obj/kern/lapic.o
 .bss           0x000000800463c788        0x0 obj/kern/spinlock.o
 .bss           0x000000800463c788        0x0 obj/kern/e1000.o
 *fill*         0x000000800463c788        0x8 00
 .bss           0x000000800463c790       0x20 obj/kern/pci.o
 .bss           0x000000800463c7b0        0x4 obj/kern/time.o
 *fill*         0x000000800463c7b4        0x4 00
 COMMON         0x000000800463c7b8       0x18 obj/kern/init.o
                0x000000800463c7b8                end_debug
                0x000000800463c7c0                panicstr
                0x000000800463c7c8                mpentry_kstack
 COMMON         0x000000800463c7d0       0x20 obj/kern/pmap.o
                0x000000800463c7d0                boot_cr3
                0x000000800463c7d8                boot_pml4e
                0x000000800463c7e0                npages
                0x000000800463c7e8                pages
 *fill*         0x000000800463c7f0       0x10 00
 COMMON         0x000000800463c800    0x40800 obj/kern/syscall.o
                0x000000800463c800                recvBuf
                0x000000800465c800                tranDescRing
                0x000000800465cc00                tranBuf
                0x000000800467cc00                recvDescRing
 COMMON         0x000000800467d000       0x58 obj/kern/kdebug.o
                0x000000800467d000                mydebug
 *fill*         0x000000800467d058        0x8 00
 COMMON         0x000000800467d060      0xc70 obj/kern/libdwarf_frame.o
                0x000000800467d060                global_rules_shadow
                0x000000800467d6a0                global_rules
 *fill*         0x000000800467dcd0       0x10 00
 COMMON         0x000000800467dce0      0x200 obj/kern/libdwarf_lineno.o
                0x000000800467dce0                global_std_op
 *fill*         0x000000800467dee0      0x120 00
 COMMON         0x000000800467e000    0x81000 obj/kern/mpconfig.o
                0x000000800467e000                ismp
                0x000000800467e020                cpus
                0x000000800467e3e0                bootcpu
                0x000000800467e3e8                ncpu
                0x000000800467f000                percpu_kstacks
 COMMON         0x00000080046ff000       0x10 obj/kern/lapic.o
                0x00000080046ff000                lapicaddr
                0x00000080046ff008                lapic
 COMMON         0x00000080046ff010        0x8 obj/kern/e1000.o
                0x00000080046ff010                pci_mmio_base
                0x00000080046ff018                PROVIDE (end, .)

.debug
 *(.debug)

.line
 *(.line)

.debug_srcinfo
 *(.debug_srcinfo)

.debug_sfnames
 *(.debug_sfnames)

.debug_aranges  0x0000000000000000      0x570
 *(.debug_aranges)
 .debug_aranges
                0x0000000000000000       0x30 obj/kern/bootstrap.o
 .debug_aranges
                0x0000000000000030       0x30 obj/kern/entry.o
 .debug_aranges
                0x0000000000000060       0x30 obj/kern/init.o
 .debug_aranges
                0x0000000000000090       0x30 obj/kern/console.o
 .debug_aranges
                0x00000000000000c0       0x30 obj/kern/monitor.o
 .debug_aranges
                0x00000000000000f0       0x30 obj/kern/pmap.o
 .debug_aranges
                0x0000000000000120       0x30 obj/kern/env.o
 .debug_aranges
                0x0000000000000150       0x30 obj/kern/kclock.o
 .debug_aranges
                0x0000000000000180       0x30 obj/kern/picirq.o
 .debug_aranges
                0x00000000000001b0       0x30 obj/kern/printf.o
 .debug_aranges
                0x00000000000001e0       0x30 obj/kern/trap.o
 .debug_aranges
                0x0000000000000210       0x30 obj/kern/trapentry.o
 .debug_aranges
                0x0000000000000240       0x30 obj/kern/sched.o
 .debug_aranges
                0x0000000000000270       0x30 obj/kern/syscall.o
 .debug_aranges
                0x00000000000002a0       0x30 obj/kern/kdebug.o
 .debug_aranges
                0x00000000000002d0       0x30 obj/kern/printfmt.o
 .debug_aranges
                0x0000000000000300       0x30 obj/kern/readline.o
 .debug_aranges
                0x0000000000000330       0x30 obj/kern/string.o
 .debug_aranges
                0x0000000000000360       0x30 obj/kern/libdwarf_rw.o
 .debug_aranges
                0x0000000000000390       0x30 obj/kern/libdwarf_frame.o
 .debug_aranges
                0x00000000000003c0       0x30 obj/kern/libdwarf_lineno.o
 .debug_aranges
                0x00000000000003f0       0x30 obj/kern/elf_rw.o
 .debug_aranges
                0x0000000000000420       0x30 obj/kern/mpentry.o
 .debug_aranges
                0x0000000000000450       0x30 obj/kern/mpconfig.o
 .debug_aranges
                0x0000000000000480       0x30 obj/kern/lapic.o
 .debug_aranges
                0x00000000000004b0       0x30 obj/kern/spinlock.o
 .debug_aranges
                0x00000000000004e0       0x30 obj/kern/e1000.o
 .debug_aranges
                0x0000000000000510       0x30 obj/kern/pci.o
 .debug_aranges
                0x0000000000000540       0x30 obj/kern/time.o

.debug_pubnames
 *(.debug_pubnames)

.debug_info     0x0000000000000000    0x10777
 *(.debug_info .gnu.linkonce.wi.*)
 .debug_info    0x0000000000000000       0x5b obj/kern/bootstrap.o
 .debug_info    0x000000000000005b       0x57 obj/kern/entry.o
 .debug_info    0x00000000000000b2      0xaa0 obj/kern/init.o
 .debug_info    0x0000000000000b52      0xc9a obj/kern/console.o
 .debug_info    0x00000000000017ec      0x78c obj/kern/monitor.o
 .debug_info    0x0000000000001f78     0x2226 obj/kern/pmap.o
 .debug_info    0x000000000000419e     0x114f obj/kern/env.o
 .debug_info    0x00000000000052ed      0x1ec obj/kern/kclock.o
 .debug_info    0x00000000000054d9      0x481 obj/kern/picirq.o
 .debug_info    0x000000000000595a      0x1e9 obj/kern/printf.o
 .debug_info    0x0000000000005b43      0xe37 obj/kern/trap.o
 .debug_info    0x000000000000697a       0x5b obj/kern/trapentry.o
 .debug_info    0x00000000000069d5      0x7f5 obj/kern/sched.o
 .debug_info    0x00000000000071ca      0xee7 obj/kern/syscall.o
 .debug_info    0x00000000000080b1     0x10dd obj/kern/kdebug.o
 .debug_info    0x000000000000918e      0x5ce obj/kern/printfmt.o
 .debug_info    0x000000000000975c      0x14a obj/kern/readline.o
 .debug_info    0x00000000000098a6      0x689 obj/kern/string.o
 .debug_info    0x0000000000009f2f     0x1401 obj/kern/libdwarf_rw.o
 .debug_info    0x000000000000b330     0x10a2 obj/kern/libdwarf_frame.o
 .debug_info    0x000000000000c3d2      0xdd8 obj/kern/libdwarf_lineno.o
 .debug_info    0x000000000000d1aa      0x969 obj/kern/elf_rw.o
 .debug_info    0x000000000000db13       0x59 obj/kern/mpentry.o
 .debug_info    0x000000000000db6c      0xbd1 obj/kern/mpconfig.o
 .debug_info    0x000000000000e73d      0x80b obj/kern/lapic.o
 .debug_info    0x000000000000ef48      0x93a obj/kern/spinlock.o
 .debug_info    0x000000000000f882      0x55d obj/kern/e1000.o
 .debug_info    0x000000000000fddf      0x8ec obj/kern/pci.o
 .debug_info    0x00000000000106cb       0xac obj/kern/time.o

.debug_abbrev   0x0000000000000000     0x2c83
 *(.debug_abbrev)
 .debug_abbrev  0x0000000000000000       0x14 obj/kern/bootstrap.o
 .debug_abbrev  0x0000000000000014       0x14 obj/kern/entry.o
 .debug_abbrev  0x0000000000000028      0x233 obj/kern/init.o
 .debug_abbrev  0x000000000000025b      0x279 obj/kern/console.o
 .debug_abbrev  0x00000000000004d4      0x19d obj/kern/monitor.o
 .debug_abbrev  0x0000000000000671      0x2f6 obj/kern/pmap.o
 .debug_abbrev  0x0000000000000967      0x2c9 obj/kern/env.o
 .debug_abbrev  0x0000000000000c30       0xfc obj/kern/kclock.o
 .debug_abbrev  0x0000000000000d2c       0xd3 obj/kern/picirq.o
 .debug_abbrev  0x0000000000000dff       0xe6 obj/kern/printf.o
 .debug_abbrev  0x0000000000000ee5      0x30a obj/kern/trap.o
 .debug_abbrev  0x00000000000011ef       0x14 obj/kern/trapentry.o
 .debug_abbrev  0x0000000000001203      0x1bb obj/kern/sched.o
 .debug_abbrev  0x00000000000013be      0x231 obj/kern/syscall.o
 .debug_abbrev  0x00000000000015ef      0x1f3 obj/kern/kdebug.o
 .debug_abbrev  0x00000000000017e2      0x1d4 obj/kern/printfmt.o
 .debug_abbrev  0x00000000000019b6       0xa8 obj/kern/readline.o
 .debug_abbrev  0x0000000000001a5e       0xfa obj/kern/string.o
 .debug_abbrev  0x0000000000001b58      0x1d0 obj/kern/libdwarf_rw.o
 .debug_abbrev  0x0000000000001d28      0x203 obj/kern/libdwarf_frame.o
 .debug_abbrev  0x0000000000001f2b      0x20e obj/kern/libdwarf_lineno.o
 .debug_abbrev  0x0000000000002139      0x1c0 obj/kern/elf_rw.o
 .debug_abbrev  0x00000000000022f9       0x14 obj/kern/mpentry.o
 .debug_abbrev  0x000000000000230d      0x225 obj/kern/mpconfig.o
 .debug_abbrev  0x0000000000002532      0x1c9 obj/kern/lapic.o
 .debug_abbrev  0x00000000000026fb      0x219 obj/kern/spinlock.o
 .debug_abbrev  0x0000000000002914      0x143 obj/kern/e1000.o
 .debug_abbrev  0x0000000000002a57      0x1d2 obj/kern/pci.o
 .debug_abbrev  0x0000000000002c29       0x5a obj/kern/time.o

.debug_line     0x0000000000000000     0x3dd4
 *(.debug_line)
 .debug_line    0x0000000000000000       0x99 obj/kern/bootstrap.o
 .debug_line    0x0000000000000099       0x51 obj/kern/entry.o
 .debug_line    0x00000000000000ea      0x193 obj/kern/init.o
 .debug_line    0x000000000000027d      0x2b9 obj/kern/console.o
 .debug_line    0x0000000000000536      0x152 obj/kern/monitor.o
 .debug_line    0x0000000000000688      0xe49 obj/kern/pmap.o
 .debug_line    0x00000000000014d1      0x306 obj/kern/env.o
 .debug_line    0x00000000000017d7       0x86 obj/kern/kclock.o
 .debug_line    0x000000000000185d       0xaa obj/kern/picirq.o
 .debug_line    0x0000000000001907       0x7f obj/kern/printf.o
 .debug_line    0x0000000000001986      0x2d6 obj/kern/trap.o
 .debug_line    0x0000000000001c5c       0x72 obj/kern/trapentry.o
 .debug_line    0x0000000000001cce      0x162 obj/kern/sched.o
 .debug_line    0x0000000000001e30      0x224 obj/kern/syscall.o
 .debug_line    0x0000000000002054      0x1a0 obj/kern/kdebug.o
 .debug_line    0x00000000000021f4      0x28d obj/kern/printfmt.o
 .debug_line    0x0000000000002481       0x91 obj/kern/readline.o
 .debug_line    0x0000000000002512      0x1e6 obj/kern/string.o
 .debug_line    0x00000000000026f8      0x450 obj/kern/libdwarf_rw.o
 .debug_line    0x0000000000002b48      0x52e obj/kern/libdwarf_frame.o
 .debug_line    0x0000000000003076      0x1fa obj/kern/libdwarf_lineno.o
 .debug_line    0x0000000000003270      0x22f obj/kern/elf_rw.o
 .debug_line    0x000000000000349f       0x74 obj/kern/mpentry.o
 .debug_line    0x0000000000003513      0x1ca obj/kern/mpconfig.o
 .debug_line    0x00000000000036dd      0x162 obj/kern/lapic.o
 .debug_line    0x000000000000383f      0x16a obj/kern/spinlock.o
 .debug_line    0x00000000000039a9      0x1d5 obj/kern/e1000.o
 .debug_line    0x0000000000003b7e      0x209 obj/kern/pci.o
 .debug_line    0x0000000000003d87       0x4d obj/kern/time.o

.debug_frame
 *(.debug_frame)

.debug_str      0x0000000000000000     0x2c3c
 *(.debug_str)
 .debug_str     0x0000000000000000      0x51f obj/kern/init.o
                                        0x5b9 (size before relaxing)
 .debug_str     0x000000000000051f      0x149 obj/kern/console.o
                                        0x22b (size before relaxing)
 .debug_str     0x0000000000000668      0x122 obj/kern/monitor.o
                                        0x369 (size before relaxing)
 .debug_str     0x000000000000078a      0x5b9 obj/kern/pmap.o
                                        0xa7d (size before relaxing)
 .debug_str     0x0000000000000d43      0x2a4 obj/kern/env.o
                                        0x83a (size before relaxing)
 .debug_str     0x0000000000000fe7       0x31 obj/kern/kclock.o
                                         0xdf (size before relaxing)
 .debug_str     0x0000000000001018       0x35 obj/kern/picirq.o
                                        0x11b (size before relaxing)
 .debug_str     0x000000000000104d       0x17 obj/kern/printf.o
                                        0x11d (size before relaxing)
 .debug_str     0x0000000000001064      0x1c0 obj/kern/trap.o
                                        0x70d (size before relaxing)
 .debug_str     0x0000000000001224       0x2e obj/kern/sched.o
                                        0x4ed (size before relaxing)
 .debug_str     0x0000000000001252      0x308 obj/kern/syscall.o
                                        0x841 (size before relaxing)
 .debug_str     0x000000000000155a      0x797 obj/kern/kdebug.o
                                        0xcf9 (size before relaxing)
 .debug_str     0x0000000000001cf1       0x93 obj/kern/printfmt.o
                                        0x28d (size before relaxing)
 .debug_str     0x0000000000001d84       0x27 obj/kern/readline.o
                                        0x129 (size before relaxing)
 .debug_str     0x0000000000001dab       0x9e obj/kern/string.o
                                        0x16d (size before relaxing)
 .debug_str     0x0000000000001e49      0x262 obj/kern/libdwarf_rw.o
                                        0xb60 (size before relaxing)
 .debug_str     0x00000000000020ab      0x449 obj/kern/libdwarf_frame.o
                                        0xac9 (size before relaxing)
 .debug_str     0x00000000000024f4      0x1bd obj/kern/libdwarf_lineno.o
                                        0xb07 (size before relaxing)
 .debug_str     0x00000000000026b1      0x1b2 obj/kern/elf_rw.o
                                        0x3d0 (size before relaxing)
 .debug_str     0x0000000000002863       0xbe obj/kern/mpconfig.o
                                        0x545 (size before relaxing)
 .debug_str     0x0000000000002921       0x59 obj/kern/lapic.o
                                        0x49a (size before relaxing)
 .debug_str     0x000000000000297a       0x4d obj/kern/spinlock.o
                                        0x52a (size before relaxing)
 .debug_str     0x00000000000029c7       0xe0 obj/kern/e1000.o
                                        0x262 (size before relaxing)
 .debug_str     0x0000000000002aa7      0x16f obj/kern/pci.o
                                        0x35c (size before relaxing)
 .debug_str     0x0000000000002c16       0x26 obj/kern/time.o
                                         0x77 (size before relaxing)

.debug_loc      0x0000000000000000     0x5628
 *(.debug_loc)
 .debug_loc     0x0000000000000000      0x264 obj/kern/init.o
 .debug_loc     0x0000000000000264      0x6c0 obj/kern/console.o
 .debug_loc     0x0000000000000924      0x1e0 obj/kern/monitor.o
 .debug_loc     0x0000000000000b04      0xc00 obj/kern/pmap.o
 .debug_loc     0x0000000000001704      0x638 obj/kern/env.o
 .debug_loc     0x0000000000001d3c       0xc0 obj/kern/kclock.o
 .debug_loc     0x0000000000001dfc      0x120 obj/kern/picirq.o
 .debug_loc     0x0000000000001f1c      0x120 obj/kern/printf.o
 .debug_loc     0x000000000000203c      0x3c0 obj/kern/trap.o
 .debug_loc     0x00000000000023fc      0x180 obj/kern/sched.o
 .debug_loc     0x000000000000257c      0x6ac obj/kern/syscall.o
 .debug_loc     0x0000000000002c28       0xc0 obj/kern/kdebug.o
 .debug_loc     0x0000000000002ce8      0x300 obj/kern/printfmt.o
 .debug_loc     0x0000000000002fe8       0x60 obj/kern/readline.o
 .debug_loc     0x0000000000003048      0x660 obj/kern/string.o
 .debug_loc     0x00000000000036a8      0x900 obj/kern/libdwarf_rw.o
 .debug_loc     0x0000000000003fa8      0x5a0 obj/kern/libdwarf_frame.o
 .debug_loc     0x0000000000004548      0x180 obj/kern/libdwarf_lineno.o
 .debug_loc     0x00000000000046c8      0x240 obj/kern/elf_rw.o
 .debug_loc     0x0000000000004908      0x1e0 obj/kern/mpconfig.o
 .debug_loc     0x0000000000004ae8      0x2a0 obj/kern/lapic.o
 .debug_loc     0x0000000000004d88      0x240 obj/kern/spinlock.o
 .debug_loc     0x0000000000004fc8      0x180 obj/kern/e1000.o
 .debug_loc     0x0000000000005148      0x3c0 obj/kern/pci.o
 .debug_loc     0x0000000000005508      0x120 obj/kern/time.o

.comment        0x0000000000000000       0x2a
 .comment       0x0000000000000000       0x2a obj/kern/init.o
                                         0x2b (size before relaxing)
 .comment       0x0000000000000000       0x2b obj/kern/console.o
 .comment       0x0000000000000000       0x2b obj/kern/monitor.o
 .comment       0x0000000000000000       0x2b obj/kern/pmap.o
 .comment       0x0000000000000000       0x2b obj/kern/env.o
 .comment       0x0000000000000000       0x2b obj/kern/kclock.o
 .comment       0x0000000000000000       0x2b obj/kern/picirq.o
 .comment       0x0000000000000000       0x2b obj/kern/printf.o
 .comment       0x0000000000000000       0x2b obj/kern/trap.o
 .comment       0x0000000000000000       0x2b obj/kern/sched.o
 .comment       0x0000000000000000       0x2b obj/kern/syscall.o
 .comment       0x0000000000000000       0x2b obj/kern/kdebug.o
 .comment       0x0000000000000000       0x2b obj/kern/printfmt.o
 .comment       0x0000000000000000       0x2b obj/kern/readline.o
 .comment       0x0000000000000000       0x2b obj/kern/string.o
 .comment       0x0000000000000000       0x2b obj/kern/libdwarf_rw.o
 .comment       0x0000000000000000       0x2b obj/kern/libdwarf_frame.o
 .comment       0x0000000000000000       0x2b obj/kern/libdwarf_lineno.o
 .comment       0x0000000000000000       0x2b obj/kern/elf_rw.o
 .comment       0x0000000000000000       0x2b obj/kern/mpconfig.o
 .comment       0x0000000000000000       0x2b obj/kern/lapic.o
 .comment       0x0000000000000000       0x2b obj/kern/spinlock.o
 .comment       0x0000000000000000       0x2b obj/kern/e1000.o
 .comment       0x0000000000000000       0x2b obj/kern/pci.o
 .comment       0x0000000000000000       0x2b obj/kern/time.o

.debug_macinfo
 *(.debug_macinfo)

.debug_weaknames
 *(.debug_weaknames)

.debug_funcnames
 *(.debug_funcnames)

.debug_typenames
 *(.debug_typenames)

.debug_varnames
 *(.debug_varnames)

/DISCARD/
 *(.eh_frame .note.GNU-stack)
LOAD obj/kern/entry.o
LOAD obj/kern/bootstrap.o
LOAD obj/kern/init.o
LOAD obj/kern/console.o
LOAD obj/kern/monitor.o
LOAD obj/kern/pmap.o
LOAD obj/kern/env.o
LOAD obj/kern/kclock.o
LOAD obj/kern/picirq.o
LOAD obj/kern/printf.o
LOAD obj/kern/trap.o
LOAD obj/kern/trapentry.o
LOAD obj/kern/sched.o
LOAD obj/kern/syscall.o
LOAD obj/kern/kdebug.o
LOAD obj/kern/printfmt.o
LOAD obj/kern/readline.o
LOAD obj/kern/string.o
LOAD obj/kern/libdwarf_rw.o
LOAD obj/kern/libdwarf_frame.o
LOAD obj/kern/libdwarf_lineno.o
LOAD obj/kern/elf_rw.o
LOAD obj/kern/mpentry.o
LOAD obj/kern/mpconfig.o
LOAD obj/kern/lapic.o
LOAD obj/kern/spinlock.o
LOAD obj/kern/e1000.o
LOAD obj/kern/pci.o
LOAD obj/kern/time.o
LOAD /usr/lib/gcc/x86_64-linux-gnu/4.6/libgcc.a
TARGET(binary)
LOAD obj/user/hello
LOAD obj/user/idle
LOAD obj/user/yield
LOAD obj/user/dumbfork
LOAD obj/user/stresssched
LOAD obj/user/faultdie
LOAD obj/user/faultregs
LOAD obj/user/faultalloc
LOAD obj/user/faultallocbad
LOAD obj/user/faultnostack
LOAD obj/user/faultbadhandler
LOAD obj/user/faultevilhandler
LOAD obj/user/forktree
LOAD obj/user/sendpage
LOAD obj/user/spin
LOAD obj/user/fairness
LOAD obj/user/pingpong
LOAD obj/user/pingpongs
LOAD obj/user/primes
LOAD obj/user/testfilero
LOAD obj/user/testfile
LOAD obj/user/testjournal
LOAD obj/user/testjournal1
LOAD obj/user/testeviction
LOAD obj/user/spawnhello
LOAD obj/user/icode
LOAD obj/fs/fs
LOAD obj/user/testtime
LOAD obj/user/httpd
LOAD obj/user/echosrv
LOAD obj/user/echotest
LOAD obj/net/testoutput
LOAD obj/net/testinput
LOAD obj/net/ns
LOAD obj/user/testpteshare
LOAD obj/user/testfdsharing
LOAD obj/user/testpipe
LOAD obj/user/testpiperace
LOAD obj/user/testpiperace2
LOAD obj/user/primespipe
LOAD obj/user/testkbd
LOAD obj/user/testshell
OUTPUT(obj/kern/kernel elf64-x86-64)

.debug_ranges   0x0000000000000000       0x30
 .debug_ranges  0x0000000000000000       0x30 obj/kern/string.o
